--- OMNI-SENTINEL COGNITIVE EXECUTION ENVIRONMENT MONITOR STARTING ---
START TIME: 2026-06-02 07:00:40.148142

[2026-06-02 07:00:40] CHECKPOINT
[2026-06-02 07:00:40] G-SRI: 21.35 (Threshold: < 40.0) -> PASS
[2026-06-02 07:00:40] ATTESTATION: PCR_MATCH=TRUE
[2026-06-02 07:00:40] TRIGGERING WORM AUDIT COMMIT...
/app/pqc_worm_logger.py:11: DeprecationWarning: datetime.datetime.utcnow() is deprecated and scheduled for removal in a future version. Use timezone-aware objects to represent datetimes in UTC: datetime.datetime.now(datetime.UTC).
  "timestamp": datetime.utcnow().isoformat(),
[2026-06-02 07:00:40.248587] COMMITTING BATCH: WORM_20260602_070040
[2026-06-02 07:00:40.248605] TARGET: s3://omni-sentinel-worm-audit-2026/batches/WORM_20260602_070040.json
[2026-06-02 07:00:40.248610] OBJECT_LOCK_RETAIN_UNTIL: 2036-01-01T00:00:00Z
[2026-06-02 07:00:40.248613] CHECKSUM (SHA3-512): 6a4d3e53275ed52d2622451dbe03a12a6e523663080ac426f6dc22d0d5e5dce9148f6f86067ef61c3b1ca531a744f0461f0bbcaf699ad4415f242a4edd68a149
[2026-06-02 07:00:40.248617] STATUS: SUCCESS


[2026-06-02 07:01:40] CHECKPOINT
[2026-06-02 07:01:40] G-SRI: 20.5 (Threshold: < 40.0) -> PASS
[2026-06-02 07:01:40] ATTESTATION: PCR_MATCH=TRUE
[2026-06-02 07:01:40] TRIGGERING WORM AUDIT COMMIT...
/app/pqc_worm_logger.py:11: DeprecationWarning: datetime.datetime.utcnow() is deprecated and scheduled for removal in a future version. Use timezone-aware objects to represent datetimes in UTC: datetime.datetime.now(datetime.UTC).
  "timestamp": datetime.utcnow().isoformat(),
[2026-06-02 07:01:40.290322] COMMITTING BATCH: WORM_20260602_070140
[2026-06-02 07:01:40.290337] TARGET: s3://omni-sentinel-worm-audit-2026/batches/WORM_20260602_070140.json
[2026-06-02 07:01:40.290341] OBJECT_LOCK_RETAIN_UNTIL: 2036-01-01T00:00:00Z
[2026-06-02 07:01:40.290344] CHECKSUM (SHA3-512): 2ad1c1e4de9d9d23fae596f1f989347d93bd113aecdfd4b634649493764af46de9674e66bc9cee1ac2f8deb6e314b9ce50fe41baf3422280542762d117983b99
[2026-06-02 07:01:40.290347] STATUS: SUCCESS
