--- SENTINEL AI v2.4 G-SIFI OPERATIONAL MONITOR STARTING ---
START TIME: 2026-06-10 15:22:12.053910

[2026-06-10 15:22:12] G-SIFI CHECKPOINT
[2026-06-10 15:22:12] G-SRI: 20.52 -> PASS
[2026-06-10 15:22:12] MOE METRICS: {'C_res': 0.97, 'E_i': 0.97, 'H_sh': 0.004}
[2026-06-10 15:22:12] ATTESTATION: PCR_MATCH=TRUE
[2026-06-10 15:22:12] REGULATORY GATEWAY: GATEWAY_STATUS=READY (ZKP_RELAY_ACTIVE)
[2026-06-10 15:22:12] MAS FEAT (ZK-Fairness): {'status': 'VERIFIED', 'DPR': 0.93}
[2026-06-10 15:22:12] HKMA ETHICS (CAE): {'CAE_status': 'ACTIVE', 'attribution_depth': 10}
[2026-06-10 15:22:12] INJECTING ADVERSARIAL STRESS TEST (VAL-STRESS-GSIFI-001)...
[2026-06-10 15:22:12] RESULT: PASS (NO COGNITIVE DRIFT DETECTED)
[2026-06-10 15:22:12] TRIGGERING KAFKA TELEMETRY & WORM AUDIT COMMIT...
/app/pqc_worm_logger.py:14: DeprecationWarning: datetime.datetime.utcnow() is deprecated and scheduled for removal in a future version. Use timezone-aware objects to represent datetimes in UTC: datetime.datetime.now(datetime.UTC).
  "timestamp": datetime.utcnow().isoformat(),
[2026-06-10 15:22:12.297884] SCHEMA: SentinelWormTelemetryEvent v2.4
[2026-06-10 15:22:12.297902] COMMITTING G-SIFI BATCH: GSIFI_WORM_20260610_152212
[2026-06-10 15:22:12.297906] PQC_SIGNATURE (CRYSTALS-Dilithium): 52bd7ca5570fb5f1825a64cc979214f8aace202262dd29ef05e2c09d77eccb45
[2026-06-10 15:22:12.297915] S3_OBJECT_LOCK_RETENTION: 3650 DAYS
[2026-06-10 15:22:12.297918] STATUS: SUCCESS (AUDIT_REPLAY_VERIFIED)


[2026-06-10 15:23:12] G-SIFI CHECKPOINT
[2026-06-10 15:23:12] G-SRI: 20.39 -> PASS
[2026-06-10 15:23:12] MOE METRICS: {'C_res': 0.97, 'E_i': 0.98, 'H_sh': 0.016}
[2026-06-10 15:23:12] ATTESTATION: PCR_MATCH=TRUE
[2026-06-10 15:23:12] REGULATORY GATEWAY: GATEWAY_STATUS=READY (ZKP_RELAY_ACTIVE)
[2026-06-10 15:23:12] MAS FEAT (ZK-Fairness): {'status': 'VERIFIED', 'DPR': 0.937}
[2026-06-10 15:23:12] HKMA ETHICS (CAE): {'CAE_status': 'ACTIVE', 'attribution_depth': 12}
[2026-06-10 15:23:12] INJECTING ADVERSARIAL STRESS TEST (VAL-STRESS-GSIFI-001)...
[2026-06-10 15:23:12] RESULT: PASS (NO COGNITIVE DRIFT DETECTED)
[2026-06-10 15:23:12] TRIGGERING KAFKA TELEMETRY & WORM AUDIT COMMIT...
/app/pqc_worm_logger.py:14: DeprecationWarning: datetime.datetime.utcnow() is deprecated and scheduled for removal in a future version. Use timezone-aware objects to represent datetimes in UTC: datetime.datetime.now(datetime.UTC).
  "timestamp": datetime.utcnow().isoformat(),
[2026-06-10 15:23:12.347001] SCHEMA: SentinelWormTelemetryEvent v2.4
[2026-06-10 15:23:12.347012] COMMITTING G-SIFI BATCH: GSIFI_WORM_20260610_152312
[2026-06-10 15:23:12.347016] PQC_SIGNATURE (CRYSTALS-Dilithium): 7bc371c604531f3d9c4ed55bf9087ecd843454269fb8465559e9f74f0e14e6c0
[2026-06-10 15:23:12.347022] S3_OBJECT_LOCK_RETENTION: 3650 DAYS
[2026-06-10 15:23:12.347025] STATUS: SUCCESS (AUDIT_REPLAY_VERIFIED)


[2026-06-10 15:24:12] G-SIFI CHECKPOINT
[2026-06-10 15:24:12] G-SRI: 20.45 -> PASS
[2026-06-10 15:24:12] MOE METRICS: {'C_res': 0.96, 'E_i': 0.98, 'H_sh': 0.011}
[2026-06-10 15:24:12] ATTESTATION: PCR_MATCH=TRUE
[2026-06-10 15:24:12] REGULATORY GATEWAY: GATEWAY_STATUS=READY (ZKP_RELAY_ACTIVE)
[2026-06-10 15:24:12] MAS FEAT (ZK-Fairness): {'status': 'VERIFIED', 'DPR': 0.929}
[2026-06-10 15:24:12] HKMA ETHICS (CAE): {'CAE_status': 'ACTIVE', 'attribution_depth': 11}
[2026-06-10 15:24:12] INJECTING ADVERSARIAL STRESS TEST (VAL-STRESS-GSIFI-001)...
[2026-06-10 15:24:12] RESULT: PASS (NO COGNITIVE DRIFT DETECTED)
[2026-06-10 15:24:12] TRIGGERING KAFKA TELEMETRY & WORM AUDIT COMMIT...
/app/pqc_worm_logger.py:14: DeprecationWarning: datetime.datetime.utcnow() is deprecated and scheduled for removal in a future version. Use timezone-aware objects to represent datetimes in UTC: datetime.datetime.now(datetime.UTC).
  "timestamp": datetime.utcnow().isoformat(),
[2026-06-10 15:24:12.424359] SCHEMA: SentinelWormTelemetryEvent v2.4
[2026-06-10 15:24:12.424374] COMMITTING G-SIFI BATCH: GSIFI_WORM_20260610_152412
[2026-06-10 15:24:12.424378] PQC_SIGNATURE (CRYSTALS-Dilithium): 8230af1ee3840e5cecf50edd4d7dd6160d619dc6624c933c0127d63fcd9af739
[2026-06-10 15:24:12.424386] S3_OBJECT_LOCK_RETENTION: 3650 DAYS
[2026-06-10 15:24:12.424388] STATUS: SUCCESS (AUDIT_REPLAY_VERIFIED)
