--- SENTINEL AI v2.4 G-SIFI OPERATIONAL MONITOR STARTING ---
START TIME: 2026-06-18 08:17:38.578154

[2026-06-18 08:17:38] G-SIFI CHECKPOINT
[2026-06-18 08:17:38] G-SRI: 24.06 -> PASS
[2026-06-18 08:17:38] MOE METRICS: {'C_res': 0.95, 'E_i': 0.98, 'H_sh': 0.014}
[2026-06-18 08:17:38] ATTESTATION: PCR_MATCH=TRUE
[2026-06-18 08:17:38] REGULATORY GATEWAY: GATEWAY_STATUS=READY (ZKP_RELAY_ACTIVE)
[2026-06-18 08:17:38] MAS FEAT (ZK-Fairness): {'status': 'VERIFIED', 'DPR': 0.977}
[2026-06-18 08:17:38] HKMA ETHICS (CAE): {'CAE_status': 'ACTIVE', 'attribution_depth': 10, 'expert_contributions': {'expert_financial_alpha': 0.38, 'expert_risk_beta': 0.29, 'expert_compliance_gamma': 0.34}, 'reasoning_trace_binding': 'DILITHIUM_SIG:0x22323e611e86d4ede4e81c6f6087deb5'}
[2026-06-18 08:17:38] INJECTING ADVERSARIAL STRESS TEST (VAL-STRESS-GSIFI-001)...
[2026-06-18 08:17:38] RESULT: PASS (NO COGNITIVE DRIFT DETECTED)
[2026-06-18 08:17:38] TRIGGERING KAFKA TELEMETRY & WORM AUDIT COMMIT...
[2026-06-18 08:17:38.616733] SCHEMA: SentinelWormTelemetryEvent v2.4
[2026-06-18 08:17:38.616749] COMMITTING G-SIFI BATCH: GSIFI_WORM_20260618_081738
[2026-06-18 08:17:38.616754] PQC_SIGNATURE (CRYSTALS-Dilithium): 611511b5707c075f7cb34cfda7ad913943b35e4d048d2d256a6f09468a3091d1
[2026-06-18 08:17:38.616762] S3_OBJECT_LOCK_RETENTION: 3650 DAYS
[2026-06-18 08:17:38.616765] STATUS: SUCCESS (AUDIT_REPLAY_VERIFIED)


[2026-06-18 08:17:48] G-SIFI CHECKPOINT
[2026-06-18 08:17:48] G-SRI: 23.21 -> PASS
[2026-06-18 08:17:48] MOE METRICS: {'C_res': 0.97, 'E_i': 0.98, 'H_sh': 0.012}
[2026-06-18 08:17:48] ATTESTATION: PCR_MATCH=TRUE
[2026-06-18 08:17:48] REGULATORY GATEWAY: GATEWAY_STATUS=READY (ZKP_RELAY_ACTIVE)
[2026-06-18 08:17:48] MAS FEAT (ZK-Fairness): {'status': 'VERIFIED', 'DPR': 0.962}
[2026-06-18 08:17:48] HKMA ETHICS (CAE): {'CAE_status': 'ACTIVE', 'attribution_depth': 12, 'expert_contributions': {'expert_financial_alpha': 0.35, 'expert_risk_beta': 0.27, 'expert_compliance_gamma': 0.38}, 'reasoning_trace_binding': 'DILITHIUM_SIG:0x232764f4e30a3a6089a0373e25560673'}
[2026-06-18 08:17:48] INJECTING ADVERSARIAL STRESS TEST (VAL-STRESS-GSIFI-001)...
[2026-06-18 08:17:48] RESULT: PASS (NO COGNITIVE DRIFT DETECTED)
[2026-06-18 08:17:48] TRIGGERING KAFKA TELEMETRY & WORM AUDIT COMMIT...
[2026-06-18 08:17:48.662559] SCHEMA: SentinelWormTelemetryEvent v2.4
[2026-06-18 08:17:48.662577] COMMITTING G-SIFI BATCH: GSIFI_WORM_20260618_081748
[2026-06-18 08:17:48.662581] PQC_SIGNATURE (CRYSTALS-Dilithium): 2d4a0f6bf24b830346f39b90c9cc63f803d9e511f900297b5915d95e7cc49881
[2026-06-18 08:17:48.662588] S3_OBJECT_LOCK_RETENTION: 3650 DAYS
[2026-06-18 08:17:48.662598] STATUS: SUCCESS (AUDIT_REPLAY_VERIFIED)
